// Jest Snapshot v1, https://goo.gl/fbAQLP

exports[`<NewTransport /> render() should render the component 1`] = `
<div>
  <form
    onSubmit={[Function]}
  >
    <div
      className="form-row"
    >
      <div
        className="col col-md-3"
      >
        <label>
          Departs
          <select
            className="custom-select"
            name="departs"
            onChange={[Function]}
            value=""
          >
            <option
              value=""
            />
            <option
              value="NRO"
            >
              NRO
            </option>
            <option
              value="MBO"
            >
              MBO
            </option>
            <option
              value="SLO"
            >
              SLO
            </option>
          </select>
        </label>
      </div>
      <div
        className="col col-md-3"
      >
        <label>
          Arrives
          <select
            className="custom-select"
            name="arrives"
            onChange={[Function]}
            value=""
          >
            <option
              value=""
            />
            <option
              value="NRO"
            >
              NRO
            </option>
            <option
              value="MBO"
            >
              MBO
            </option>
            <option
              value="SLO"
            >
              SLO
            </option>
          </select>
        </label>
      </div>
      <div
        className="col col-md-3"
      >
        <label>
          Meet Time
          <DatePicker
            allowSameDay={false}
            autoComplete="off"
            dateFormat="MM/DD/YYYY"
            dateFormatCalendar="MMMM YYYY"
            disabled={false}
            disabledKeyboardNavigation={false}
            dropdownMode="scroll"
            maxDate={"2018-10-31T00:18:27.243Z"}
            maxTime={"2018-10-26T03:00:27.244Z"}
            minDate={"2018-10-26T00:18:27.243Z"}
            minTime={"2018-10-25T15:00:27.244Z"}
            monthsShown={1}
            name="meetDate"
            nextMonthButtonLabel="Next month"
            onBlur={[Function]}
            onChange={[Function]}
            onClickOutside={[Function]}
            onFocus={[Function]}
            onInputClick={[Function]}
            onKeyDown={[Function]}
            onMonthChange={[Function]}
            onSelect={[Function]}
            onYearChange={[Function]}
            placeholderText="Click to select a date"
            preventOpenOnFocus={false}
            previousMonthButtonLabel="Previous Month"
            readOnly={false}
            selected={"2017-09-15T16:30:00.000Z"}
            shouldCloseOnSelect={true}
            showTimeSelect={true}
            timeCaption="Time"
            timeFormat="HH:mm"
            timeIntervals={30}
            withPortal={false}
          />
        </label>
      </div>
      <button
        className="btn btn-primary"
        type="submit"
      >
        Submit
      </button>
    </div>
  </form>
</div>
`;
