// Jest Snapshot v1, https://goo.gl/fbAQLP

exports[`<TransportListItem /> render() should render the component 1`] = `
<TransportListItem
  dispatch={[Function]}
  store={
    Object {
      "clearActions": [Function],
      "dispatch": [Function],
      "getActions": [Function],
      "getState": [Function],
      "replaceReducer": [Function],
      "subscribe": [Function],
    }
  }
  transport={
    Object {
      "arrives": "NRO",
      "departs": "MBO",
      "meetTime": "2017-09-15T16:30:00.000Z",
    }
  }
/>
`;
