// Jest Snapshot v1, https://goo.gl/fbAQLP

exports[`<TransportRow /> render() should render the component 1`] = `
<tr>
  <td
    style={
      Object {
        "width": "16.66%",
      }
    }
  >
    MBO
  </td>
  <td
    style={
      Object {
        "width": "16.66%",
      }
    }
  >
    NRO
  </td>
  <td
    style={
      Object {
        "width": "16.66%",
      }
    }
  />
  <td
    style={
      Object {
        "width": "16.66%",
      }
    }
  >
    Friday 09/15 0930
  </td>
  <td
    style={
      Object {
        "width": "16.66%",
      }
    }
  >
    <ForwardRef(Bootstrap(Button))
      id="delete"
      onClick={[Function]}
      variant="danger"
    >
      Delete
    </ForwardRef(Bootstrap(Button))>
  </td>
</tr>
`;
