// Jest Snapshot v1, https://goo.gl/fbAQLP

exports[`<TransportCard /> render() should render the component 1`] = `
<ul
  className="list-group"
>
  <TransportListItem
    transport={
      Object {
        "arrives": "NRO",
        "departs": "MBO",
        "meetTime": "2017-09-15T16:30:00.000Z",
      }
    }
  />
  <TransportListItem
    transport={
      Object {
        "arrives": "MBO",
        "departs": "SLO",
        "meetTime": "2017-09-15T18:30:00.000Z",
      }
    }
  />
</ul>
`;
