// Jest Snapshot v1, https://goo.gl/fbAQLP

exports[`<TransportCard /> render() should render the component 1`] = `
<ul
  className="list-group"
>
  <TransportListItem
    key="0"
    transport={
      Object {
        "arrives": "NRO",
        "departs": "MBO",
        "id": 0,
        "meetTime": "2010-06-09T22:20:00.000Z",
      }
    }
  />
  <TransportListItem
    key="1"
    transport={
      Object {
        "arrives": "MBO",
        "departs": "SLO",
        "id": 1,
        "meetTime": "2010-06-09T22:20:00.000Z",
      }
    }
  />
</ul>
`;
