// Jest Snapshot v1, https://goo.gl/fbAQLP

exports[`<TransportFormContainer /> render() should render the component 1`] = `
<div>
  <TransportForm
    arrives=""
    currentTime={"2017-09-15T16:30:00.000Z"}
    departs=""
    handleDateTimeChange={[Function]}
    handleInputChange={[Function]}
    handleSubmit={[Function]}
    meetTime={"2017-09-15T16:30:00.000Z"}
  />
</div>
`;
