// Jest Snapshot v1, https://goo.gl/fbAQLP

exports[`<TransportListItem /> render() should render the component 1`] = `
<ForwardRef(Bootstrap(ListGroupItem))>
  MBO
    
  <FontAwesomeIcon
    border={false}
    className=""
    fixedWidth={false}
    flip={null}
    icon="arrow-right"
    inverse={false}
    listItem={false}
    mask={null}
    pull={null}
    pulse={false}
    rotation={null}
    size={null}
    spin={false}
    symbol={false}
    title=""
    transform={null}
  />
    
  NRO
    
  09/15 0930
</ForwardRef(Bootstrap(ListGroupItem))>
`;
