// Jest Snapshot v1, https://goo.gl/fbAQLP

exports[`<Animals /> render() should render the component 1`] = `
<div>
  <div
    className="row"
  >
    <div
      className="col col-md-12"
    >
      <div
        className="table-responsive"
      >
        <table
          className="table table-striped"
        >
          <tbody>
            <AnimalTitle
              animal={
                Object {
                  "id": 1,
                  "isGettingControlledMeds": false,
                  "isGettingTubed": true,
                  "name": "Edginald",
                  "species": "CSL",
                  "weight": 14,
                }
              }
              deleteAnimal={[Function]}
              key="1"
            />
            <AnimalTitle
              animal={
                Object {
                  "id": 2,
                  "isGettingControlledMeds": false,
                  "isGettingTubed": true,
                  "name": "Pipester",
                  "species": "NFS",
                  "weight": 8,
                }
              }
              deleteAnimal={[Function]}
              key="2"
            />
            <AnimalTitle
              animal={
                Object {
                  "id": 3,
                  "isGettingControlledMeds": true,
                  "isGettingTubed": false,
                  "name": "Kirt",
                  "species": "CSL",
                  "weight": 85,
                }
              }
              deleteAnimal={[Function]}
              key="3"
            />
          </tbody>
        </table>
      </div>
    </div>
  </div>
</div>
`;
