// Jest Snapshot v1, https://goo.gl/fbAQLP

exports[`<Input /> render() should render the component normally 1`] = `
<div
  className="form-group"
>
  <label
    className="form-label"
  >
    Name
  </label>
  <input
    className="form-control "
    id="name"
    name="name"
    type="text"
  />
</div>
`;
