// Jest Snapshot v1, https://goo.gl/fbAQLP

exports[`<Input /> render() should render the component normally 1`] = `
<div
  className="form-group"
>
  <label
    className="form-label form-label"
    htmlFor="name"
  >
    Name
  </label>
  <div
    className="input-group"
  >
    <input
      className="form-control"
      id="name"
      name="name"
      type="text"
    />
    <div
      className="invalid-feedback"
    />
  </div>
</div>
`;
