// Jest Snapshot v1, https://goo.gl/fbAQLP

exports[`<LocationCard /> render() should render the component 1`] = `
<div
  className="card"
>
  <div
    className="card-body h-100"
  >
    <LocationCardTitle
      locationName="MBO"
    />
    <AnimalList
      animals={
        Array [
          Object {
            "id": 2,
            "isGettingControlledMeds": false,
            "isGettingTubed": true,
            "location": "MBO",
            "name": "Kirt",
            "species": "CSL",
            "weight": 85,
          },
        ]
      }
    />
  </div>
  <LocationCardFooter
    locationName="MBO"
  />
  <ReduxForm
    location="MBO"
  >
    <AnimalModalForm
      hideModal={[Function]}
      id="MBOanimalForm"
    />
  </ReduxForm>
  <ReduxForm>
    <TransportModalForm
      hideModal={[Function]}
      id="MBOtransportForm"
    />
  </ReduxForm>
</div>
`;
