// Jest Snapshot v1, https://goo.gl/fbAQLP

exports[`<Location /> render() should render the component 1`] = `
<div>
  <ForwardRef(Bootstrap(Button))
    block={true}
    onClick={[Function]}
    variant="info"
  >
    <ForwardRef(Bootstrap(Row))>
      <ForwardRef(Bootstrap(Col))
        md={
          Object {
            "offset": 5,
            "span": 1,
          }
        }
      >
        <strong />
      </ForwardRef(Bootstrap(Col))>
      <ForwardRef(Bootstrap(Col))
        md={3}
      >
        <span
          key="Dire Wolf-count"
        >
          Dire Wolf
          (
          2
          ) 
        </span>
      </ForwardRef(Bootstrap(Col))>
    </ForwardRef(Bootstrap(Row))>
  </ForwardRef(Bootstrap(Button))>
  <Collapse
    appear={false}
    dimension="height"
    getDimensionValue={[Function]}
    in={true}
    mountOnEnter={false}
    timeout={300}
    unmountOnExit={false}
  >
    <div>
      <Connect(AnimalsTable)
        animals={
          Array [
            Object {
              "location": "MBO",
              "name": "Nymeria",
              "species": "Dire Wolf",
              "weight": 33,
            },
            Object {
              "location": "MBO",
              "name": "Lady",
              "species": "Dire Wolf",
              "weight": 33,
            },
          ]
        }
      />
    </div>
  </Collapse>
</div>
`;
