// Jest Snapshot v1, https://goo.gl/fbAQLP

exports[`<Location /> render() should render the component 1`] = `
<div>
  <ForwardRef(Bootstrap(Button))
    block={true}
    onClick={[Function]}
    variant="info"
  >
    <ForwardRef(Bootstrap(Row))
      className="justify-content-md-center"
    >
      <ForwardRef(Bootstrap(Col))
        md={1}
      />
      <ForwardRef(Bootstrap(Col))
        md={1}
      >
        <small />
      </ForwardRef(Bootstrap(Col))>
    </ForwardRef(Bootstrap(Row))>
  </ForwardRef(Bootstrap(Button))>
  <Collapse
    appear={false}
    dimension="height"
    getDimensionValue={[Function]}
    in={true}
    mountOnEnter={false}
    timeout={300}
    unmountOnExit={false}
  >
    <div>
      <Connect(AnimalsTable) />
    </div>
  </Collapse>
</div>
`;
