// Jest Snapshot v1, https://goo.gl/fbAQLP

exports[`<AnimalForm /> render() should render the component 1`] = `
<div>
  <div>
    <form
      onSubmit={[MockFunction]}
    >
      <div
        className="form-row"
      >
        <div
          className="col col-md-2"
        >
          <Select
            handleChange={[MockFunction]}
            name="location"
            options={
              Array [
                "NRO",
                "MBO",
                "SLO",
              ]
            }
            title="Location"
            value=""
          />
        </div>
        <div
          className="col col-md-2"
        >
          <Select
            handleChange={[MockFunction]}
            name="species"
            options={
              Array [
                "CSL",
                "ES",
                "HS",
                "NFS",
                "GFS",
                "SSO",
                "CET",
              ]
            }
            title="Species"
            value=""
          />
        </div>
        <div
          className="col col-md-3"
        >
          <Input
            handleChange={[MockFunction]}
            id="name"
            name="name"
            title="Name"
            type="text"
            value=""
          />
        </div>
        <div
          className="col col-md-3"
        >
          <Input
            handleChange={[MockFunction]}
            id="weight"
            name="weight"
            title="Weight"
            type="text"
            value=""
          />
        </div>
      </div>
      <div
        className="form-row"
      >
        <label>
          Controlled meds:
          <input
            name="isGettingControlledMeds"
            onChange={[MockFunction]}
            type="checkbox"
            value={false}
          />
        </label>
        <label>
          Tube feeding:
          <input
            name="isGettingTubed"
            onChange={[MockFunction]}
            type="checkbox"
            value={false}
          />
        </label>
        <button
          className="btn btn-primary"
          type="submit"
        >
          Submit
        </button>
        <button
          className="btn btn-danger"
          type="button"
        >
          Cancel
        </button>
      </div>
    </form>
  </div>
</div>
`;
