// Jest Snapshot v1, https://goo.gl/fbAQLP

exports[`<AnimalRow /> render() should render the component 1`] = `
<tr
  key="3"
>
  <td
    style={
      Object {
        "width": "16.66%",
      }
    }
  >
    CSL
  </td>
  <td
    style={
      Object {
        "width": "40%",
      }
    }
  >
    Kirt
    <p
      style={
        Object {
          "fontSize": 11,
        }
      }
    />
  </td>
  <td
    style={
      Object {
        "width": "16.66%",
      }
    }
  >
    85
     kg
  </td>
  <td
    style={
      Object {
        "width": "1%",
      }
    }
  >
    <FontAwesomeIcon
      border={false}
      className=""
      color="grey"
      fixedWidth={false}
      flip={null}
      icon="blender"
      inverse={false}
      listItem={false}
      mask={null}
      opacity="0"
      pull={null}
      pulse={false}
      rotation={null}
      size={null}
      spin={false}
      symbol={false}
      title=""
      transform={null}
    />
  </td>
  <td
    style={
      Object {
        "width": "1%",
      }
    }
  >
    <FontAwesomeIcon
      border={false}
      className=""
      color="green"
      fixedWidth={false}
      flip={null}
      icon="prescription-bottle-alt"
      inverse={false}
      listItem={false}
      mask={null}
      pull={null}
      pulse={false}
      rotation={null}
      size={null}
      spin={false}
      symbol={false}
      title=""
      transform={null}
    />
  </td>
  <td
    style={
      Object {
        "width": "15%",
      }
    }
  >
    <div
      className="form-group"
    >
      <select
        className="custom-select"
        id="location"
        name="location"
        onChange={[Function]}
        title="Location"
      >
        <option
          value="NRO"
        >
          NRO
        </option>
        <option
          value="MBO"
        >
          MBO
        </option>
        <option
          value="SLO"
        >
          SLO
        </option>
      </select>
    </div>
  </td>
  <td
    style={
      Object {
        "width": "16.66%",
      }
    }
  >
    <button
      className="btn btn-danger"
      id="delete"
      onClick={[Function]}
    >
      Delete
    </button>
  </td>
</tr>
`;
