// Jest Snapshot v1, https://goo.gl/fbAQLP

exports[`<NewAnimal /> render() should render the component 1`] = `
<div>
  <form
    onSubmit={[Function]}
  >
    <div
      className="form-row"
    >
      <div
        className="col col-md-2"
      >
        <Select
          handleChange={[Function]}
          name="location"
          options={
            Array [
              "NRO",
              "MBO",
              "SLO",
            ]
          }
          title="Location"
          value=""
        />
      </div>
      <div
        className="col col-md-2"
      >
        <Select
          handleChange={[Function]}
          name="species"
          options={
            Array [
              "CSL",
              "ES",
              "HS",
              "NFS",
              "GFS",
              "SSO",
              "CET",
            ]
          }
          title="Species"
          value=""
        />
      </div>
      <div
        className="col col-md-3"
      >
        <Input
          handleChange={[Function]}
          id="name"
          name="name"
          title="Name"
          type="text"
          value=""
        />
      </div>
      <div
        className="col col-md-3"
      >
        <Input
          handleChange={[Function]}
          id="weight"
          name="weight"
          title="Weight"
          type="text"
          value=""
        />
      </div>
    </div>
    <div
      className="form-row"
    >
      <label>
        Controlled meds:
        <input
          name="isGettingControlledMeds"
          onChange={[Function]}
          type="checkbox"
          value={false}
        />
      </label>
      <label>
        Tube feeding:
        <input
          name="isGettingTubed"
          onChange={[Function]}
          type="checkbox"
          value={false}
        />
      </label>
      <button
        className="btn btn-primary"
        type="submit"
      >
        Submit
      </button>
      <button
        className="btn btn-danger"
        type="button"
      >
        Cancel
      </button>
    </div>
  </form>
</div>
`;
