// Jest Snapshot v1, https://goo.gl/fbAQLP

exports[`<NewAnimal /> render() should render the component 1`] = `
<div>
  <form
    onSubmit={[Function]}
  >
    <div
      className="form-row"
    >
      <div
        className="col col-md-3"
      >
        <label>
          Location
          <select
            className="custom-select"
            name="location"
            onChange={[Function]}
            value=""
          >
            <option
              value=""
            />
            <option
              value="NRO"
            >
              NRO
            </option>
            <option
              value="MBO"
            >
              MBO
            </option>
            <option
              value="SLO"
            >
              SLO
            </option>
          </select>
        </label>
      </div>
      <div
        className="col col-md-3"
      >
        <label>
          Species
          <select
            className="custom-select"
            name="species"
            onChange={[Function]}
            value=""
          >
            <option
              value=""
            />
            <option
              value="CSL"
            >
              CSL
            </option>
            <option
              value="ES"
            >
              ES
            </option>
            <option
              value="HS"
            >
              HS
            </option>
            <option
              value="NFS"
            >
              NFS
            </option>
            <option
              value="GFS"
            >
              GFS
            </option>
            <option
              value="Other"
            >
              Other
            </option>
          </select>
        </label>
      </div>
      <div
        className="col col-md-3"
      >
        <label>
          Name
          <input
            className="form-control"
            name="name"
            onChange={[Function]}
            type="text"
            value=""
          />
        </label>
      </div>
      <div
        className="col col-md-3"
      >
        <label>
          Weight
          <input
            className="form-control"
            name="weight"
            onChange={[Function]}
            type="text"
            value=""
          />
        </label>
      </div>
    </div>
    <div
      className="form-row"
    >
      <label>
        Controlled meds:
        <input
          name="isGettingControlledMeds"
          onChange={[Function]}
          type="checkbox"
          value={false}
        />
      </label>
      <label>
        Tube feeding:
        <input
          name="isGettingTubed"
          onChange={[Function]}
          type="checkbox"
          value={false}
        />
      </label>
      <button
        className="btn btn-primary"
        type="submit"
      >
        Submit
      </button>
      <button
        className="btn btn-danger"
        type="button"
      >
        Cancel
      </button>
    </div>
  </form>
</div>
`;
