// Jest Snapshot v1, https://goo.gl/fbAQLP

exports[`<TransportForm /> render() should render the component 1`] = `
<ForwardRef(Bootstrap(Form))>
  <ForwardRef(Bootstrap(FormRow))>
    <ForwardRef(Bootstrap(Col))
      md={2}
    >
      <Field
        component={[Function]}
        id="departs"
        name="departs"
        onChange={[MockFunction]}
        options={
          Array [
            "NRO",
            "MBO",
            "SLO",
          ]
        }
        title="Departs"
      />
    </ForwardRef(Bootstrap(Col))>
    <ForwardRef(Bootstrap(Col))
      md={2}
    >
      <Field
        component={[Function]}
        id="arrives"
        name="arrives"
        onChange={[MockFunction]}
        options={
          Array [
            "NRO",
            "MBO",
            "SLO",
          ]
        }
        title="Arrives"
      />
    </ForwardRef(Bootstrap(Col))>
    <ForwardRef(Bootstrap(Col))
      md={2}
    >
      <Field
        component={[Function]}
        id="meetPlace"
        name="meetPlace"
        onChange={[MockFunction]}
        title="Meet Place"
        type="text"
      />
    </ForwardRef(Bootstrap(Col))>
    <ForwardRef(Bootstrap(Col))
      md={2}
    >
      <Field
        component={[Function]}
        id="meetDate"
        name="meetDate"
        onChange={[MockFunction]}
        options={
          Array [
            "Friday 01/04",
            "Saturday 01/05",
            "Sunday 01/06",
            "Monday 01/07",
          ]
        }
        title="Meet Date"
      />
    </ForwardRef(Bootstrap(Col))>
    <ForwardRef(Bootstrap(Col))
      md={2}
    >
      <Field
        component={[Function]}
        id="meetTime"
        name="meetTime"
        onChange={[MockFunction]}
        title="Meet Time"
        type="text"
      />
    </ForwardRef(Bootstrap(Col))>
    <ForwardRef(Bootstrap(Col))
      md={3}
    >
      <ForwardRef(Bootstrap(Button))
        disabled={true}
        type="submit"
        variant="primary"
      >
        Submit
      </ForwardRef(Bootstrap(Button))>
    </ForwardRef(Bootstrap(Col))>
  </ForwardRef(Bootstrap(FormRow))>
</ForwardRef(Bootstrap(Form))>
`;
