// Jest Snapshot v1, https://goo.gl/fbAQLP

exports[`<TransportModalForm /> render() should render the component 1`] = `
<ForwardRef(Bootstrap(Modal))>
  <ForwardRef(Bootstrap(ModalHeader))
    closeButton={true}
  >
    <ForwardRef(Bootstrap(ModalTitle))>
      New Transport
    </ForwardRef(Bootstrap(ModalTitle))>
  </ForwardRef(Bootstrap(ModalHeader))>
  <ForwardRef(Bootstrap(Form))>
    <ForwardRef(Bootstrap(ModalBody))
      className="modal-body"
    >
      <ForwardRef(Bootstrap(FormRow))>
        <ForwardRef(Bootstrap(Col))
          xs={6}
        >
          <Field
            component={[Function]}
            id="departs"
            name="departs"
            onChange={[MockFunction]}
            options={
              Array [
                "NRO",
                "MBO",
                "SLO",
              ]
            }
            title="Departs"
          />
        </ForwardRef(Bootstrap(Col))>
        <ForwardRef(Bootstrap(Col))
          xs={6}
        >
          <Field
            component={[Function]}
            id="arrives"
            name="arrives"
            onChange={[MockFunction]}
            options={
              Array [
                "NRO",
                "MBO",
                "SLO",
              ]
            }
            title="Arrives"
          />
        </ForwardRef(Bootstrap(Col))>
      </ForwardRef(Bootstrap(FormRow))>
      <ForwardRef(Bootstrap(FormRow))>
        <ForwardRef(Bootstrap(Col))
          xs={12}
        >
          <Field
            component={[Function]}
            id="meetPlace"
            name="meetPlace"
            onChange={[MockFunction]}
            title="Meet Place"
            type="text"
          />
        </ForwardRef(Bootstrap(Col))>
      </ForwardRef(Bootstrap(FormRow))>
      <ForwardRef(Bootstrap(FormRow))>
        <ForwardRef(Bootstrap(Col))
          xs={8}
        >
          <Field
            component={[Function]}
            id="meetDate"
            name="meetDate"
            onChange={[MockFunction]}
            options={
              Array [
                "Wednesday 12/12",
                "Thursday 12/13",
                "Friday 12/14",
                "Saturday 12/15",
              ]
            }
            title="Meet Date"
          />
        </ForwardRef(Bootstrap(Col))>
      </ForwardRef(Bootstrap(FormRow))>
      <ForwardRef(Bootstrap(FormRow))>
        <ForwardRef(Bootstrap(Col))
          xs={6}
        >
          <Field
            component={[Function]}
            id="meetTime"
            name="meetTime"
            onChange={[MockFunction]}
            title="Meet Time"
            type="text"
          />
        </ForwardRef(Bootstrap(Col))>
      </ForwardRef(Bootstrap(FormRow))>
    </ForwardRef(Bootstrap(ModalBody))>
    <ForwardRef(Bootstrap(ModalFooter))>
      <ForwardRef(Bootstrap(Button))
        disabled={true}
        type="submit"
        variant="primary"
      >
        Submit
      </ForwardRef(Bootstrap(Button))>
      <ForwardRef(Bootstrap(Button))
        type="button"
        variant="danger"
      >
        Cancel
      </ForwardRef(Bootstrap(Button))>
    </ForwardRef(Bootstrap(ModalFooter))>
  </ForwardRef(Bootstrap(Form))>
</ForwardRef(Bootstrap(Modal))>
`;
